[       7ms] [WARNING] Intercom - Google Analytics is not installed or configured, have you forgotten to include it? @ https://js.intercomcdn.com/vendors~sentry~app-modern.af8af26a.js:0
[     531ms] [ERROR] Failed to load resource: the server responded with a status of 404 () @ https://app.transifex.com/account/settings/:0
[     552ms] Uncaught TypeError: i.call is not a function
    at x (https://cdn.transifex.com/txc/static/plugins/jquery3/jquery.min.bd302ceab4fe.js:1:999)
    at c (https://cdn.transifex.com/txc/static/plugins/jquery3/jquery.min.bd302ceab4fe.js:1:1147)
    at each (https://cdn.transifex.com/txc/static/plugins/jquery3/jquery.min.bd302ceab4fe.js:1:3089)
    at each (https://cdn.transifex.com/txc/static/plugins/jquery3/jquery.min.bd302ceab4fe.js:1:1593)
    at Le (https://cdn.transifex.com/txc/static/plugins/jquery3/jquery.min.bd302ceab4fe.js:1:37092)
    at on (https://cdn.transifex.com/txc/static/plugins/jquery3/jquery.min.bd302ceab4fe.js:1:44477)
    at datepicker_bindHover (https://cdn.transifex.com/txc/static/js/output.6e93fe868d24.js:1033:419)
    at Datepicker (https://cdn.transifex.com/txc/static/js/output.6e93fe868d24.js:888:1987)
    at <anonymous> (https://cdn.transifex.com/txc/static/js/output.6e93fe868d24.js:1044:201)
    at <anonymous> (https://cdn.transifex.com/txc/static/js/output.6e93fe868d24.js:476:164)
    at <anonymous> (https://cdn.transifex.com/txc/static/js/output.6e93fe868d24.js:476:182)
[     561ms] Uncaught TypeError: i.call is not a function
    at x (https://cdn.transifex.com/txc/static/plugins/jquery3/jquery.min.bd302ceab4fe.js:1:999)
    at c (https://cdn.transifex.com/txc/static/plugins/jquery3/jquery.min.bd302ceab4fe.js:1:1147)
    at each (https://cdn.transifex.com/txc/static/plugins/jquery3/jquery.min.bd302ceab4fe.js:1:3089)
    at n (https://cdn.transifex.com/txc/static/plugins/jquery3/jquery.min.bd302ceab4fe.js:1:25470)
    at add (https://cdn.transifex.com/txc/static/plugins/jquery3/jquery.min.bd302ceab4fe.js:1:25563)
    at always (https://cdn.transifex.com/txc/static/plugins/jquery3/jquery.min.bd302ceab4fe.js:1:26512)
    at statusCode (https://cdn.transifex.com/txc/static/plugins/jquery3/jquery.min.bd302ceab4fe.js:1:74305)
    at l (https://cdn.transifex.com/txc/static/plugins/jquery3/jquery.min.bd302ceab4fe.js:1:77830)
    at <anonymous> (https://cdn.transifex.com/txc/static/plugins/jquery3/jquery.min.bd302ceab4fe.js:1:80264)
[     847ms] Uncaught TypeError: i.call is not a function
    at isPlainObject (https://cdn.transifex.com/txc/static/plugins/jquery3/jquery.min.bd302ceab4fe.js:1:2840)
    at ce.extend.ce.fn.extend (https://cdn.transifex.com/txc/static/plugins/jquery3/jquery.min.bd302ceab4fe.js:1:2479)
    at Gt (https://cdn.transifex.com/txc/static/plugins/jquery3/jquery.min.bd302ceab4fe.js:1:72762)
    at ajaxSetup (https://cdn.transifex.com/txc/static/plugins/jquery3/jquery.min.bd302ceab4fe.js:1:73473)
    at ajax (https://cdn.transifex.com/txc/static/plugins/jquery3/jquery.min.bd302ceab4fe.js:1:73654)
    at <anonymous> (https://app.transifex.com/_/user/js/analytics.js:7:4)
    at <anonymous> (https://app.transifex.com/_/user/js/analytics.js:14:2)
[     847ms] Uncaught TypeError: i.call is not a function
    at x (https://cdn.transifex.com/txc/static/plugins/jquery3/jquery.min.bd302ceab4fe.js:1:999)
    at c (https://cdn.transifex.com/txc/static/plugins/jquery3/jquery.min.bd302ceab4fe.js:1:1147)
    at each (https://cdn.transifex.com/txc/static/plugins/jquery3/jquery.min.bd302ceab4fe.js:1:3089)
    at ce.Callbacks (https://cdn.transifex.com/txc/static/plugins/jquery3/jquery.min.bd302ceab4fe.js:1:25121)
    at Deferred (https://cdn.transifex.com/txc/static/plugins/jquery3/jquery.min.bd302ceab4fe.js:1:26221)
    at then (https://cdn.transifex.com/txc/static/plugins/jquery3/jquery.min.bd302ceab4fe.js:1:27619)
    at ce.fn.ready (https://cdn.transifex.com/txc/static/plugins/jquery3/jquery.min.bd302ceab4fe.js:1:28924)
    at <anonymous> (https://app.transifex.com/account/settings/:1481:14)
[     850ms] [WARNING] jQuery.Deferred exception: i.call is not a function TypeError: i.call is not a function
    at x (https://cdn.transifex.com/txc/static/plugins/jquery3/jquery.min.bd302ceab4fe.js:2:1000)
    at c (https://cdn.transifex.com/txc/static/plugins/jquery3/jquery.min.bd302ceab4fe.js:2:1148)
    at ce.each (https://cdn.transifex.com/txc/static/plugins/jquery3/jquery.min.bd302ceab4fe.js:2:3090)
    at ce.fn.init.each (https://cdn.transifex.com/txc/static/plugins/jquery3/jquery.min.bd302ceab4fe.js:2:1594)
    at Le (https://cdn.transifex.com/txc/static/plugins/jquery3/jquery.min.bd302ceab4fe.js:2:37093)
    at ce.fn.init.on (https://cdn.transifex.com/txc/static/plugins/jquery3/jquery.min.bd302ceab4fe.js:2:44478)
    at ce.fn.init.delegate (https://cdn.transifex.com/txc/static/plugins/jquery3/jquery.min.bd302ceab4fe.js:2:86065)
    at HTMLDocument.<anonymous> (https://cdn.transifex.com/txc/static/js/output.83d14d232b60.js:16:114)
    at e (https://cdn.transifex.com/txc/static/plugins/jquery3/jquery.min.bd302ceab4fe.js:2:27028)
    at t (https://cdn.transifex.com/txc/static/plugins/jquery3/jquery.min.bd302ceab4fe.js:2:27330) undefined @ https://cdn.transifex.com/txc/static/plugins/jquery3/jquery.min.bd302ceab4fe.js:1
[     850ms] [WARNING] jQuery.Deferred exception: i.call is not a function TypeError: i.call is not a function
    at x (https://cdn.transifex.com/txc/static/plugins/jquery3/jquery.min.bd302ceab4fe.js:2:1000)
    at c (https://cdn.transifex.com/txc/static/plugins/jquery3/jquery.min.bd302ceab4fe.js:2:1148)
    at ce.each (https://cdn.transifex.com/txc/static/plugins/jquery3/jquery.min.bd302ceab4fe.js:2:3090)
    at ce.fn.init.each (https://cdn.transifex.com/txc/static/plugins/jquery3/jquery.min.bd302ceab4fe.js:2:1594)
    at Le (https://cdn.transifex.com/txc/static/plugins/jquery3/jquery.min.bd302ceab4fe.js:2:37093)
    at ce.fn.init.on (https://cdn.transifex.com/txc/static/plugins/jquery3/jquery.min.bd302ceab4fe.js:2:44478)
    at ce.fn.<computed> [as mouseleave] (https://cdn.transifex.com/txc/static/plugins/jquery3/jquery.min.bd302ceab4fe.js:2:86520)
    at HTMLDocument.<anonymous> (https://cdn.transifex.com/txc/static/js/output.f5b9385b0770.js:8:23)
    at e (https://cdn.transifex.com/txc/static/plugins/jquery3/jquery.min.bd302ceab4fe.js:2:27028)
    at t (https://cdn.transifex.com/txc/static/plugins/jquery3/jquery.min.bd302ceab4fe.js:2:27330) undefined @ https://cdn.transifex.com/txc/static/plugins/jquery3/jquery.min.bd302ceab4fe.js:1
[     850ms] Uncaught TypeError: i.call is not a function
    at x (https://cdn.transifex.com/txc/static/plugins/jquery3/jquery.min.bd302ceab4fe.js:1:999)
    at c (https://cdn.transifex.com/txc/static/plugins/jquery3/jquery.min.bd302ceab4fe.js:1:1147)
    at each (https://cdn.transifex.com/txc/static/plugins/jquery3/jquery.min.bd302ceab4fe.js:1:3089)
    at each (https://cdn.transifex.com/txc/static/plugins/jquery3/jquery.min.bd302ceab4fe.js:1:1593)
    at Le (https://cdn.transifex.com/txc/static/plugins/jquery3/jquery.min.bd302ceab4fe.js:1:37092)
    at on (https://cdn.transifex.com/txc/static/plugins/jquery3/jquery.min.bd302ceab4fe.js:1:44477)
    at delegate (https://cdn.transifex.com/txc/static/plugins/jquery3/jquery.min.bd302ceab4fe.js:1:86064)
    at <anonymous> (https://cdn.transifex.com/txc/static/js/output.83d14d232b60.js:15:113)
    at e (https://cdn.transifex.com/txc/static/plugins/jquery3/jquery.min.bd302ceab4fe.js:1:27027)
    at t (https://cdn.transifex.com/txc/static/plugins/jquery3/jquery.min.bd302ceab4fe.js:1:27329)
[     850ms] Uncaught TypeError: i.call is not a function
    at x (https://cdn.transifex.com/txc/static/plugins/jquery3/jquery.min.bd302ceab4fe.js:1:999)
    at c (https://cdn.transifex.com/txc/static/plugins/jquery3/jquery.min.bd302ceab4fe.js:1:1147)
    at each (https://cdn.transifex.com/txc/static/plugins/jquery3/jquery.min.bd302ceab4fe.js:1:3089)
    at each (https://cdn.transifex.com/txc/static/plugins/jquery3/jquery.min.bd302ceab4fe.js:1:1593)
    at Le (https://cdn.transifex.com/txc/static/plugins/jquery3/jquery.min.bd302ceab4fe.js:1:37092)
    at on (https://cdn.transifex.com/txc/static/plugins/jquery3/jquery.min.bd302ceab4fe.js:1:44477)
    at ce.fn.<computed> (https://cdn.transifex.com/txc/static/plugins/jquery3/jquery.min.bd302ceab4fe.js:1:86519)
    at <anonymous> (https://cdn.transifex.com/txc/static/js/output.f5b9385b0770.js:7:22)
    at e (https://cdn.transifex.com/txc/static/plugins/jquery3/jquery.min.bd302ceab4fe.js:1:27027)
    at t (https://cdn.transifex.com/txc/static/plugins/jquery3/jquery.min.bd302ceab4fe.js:1:27329)
[     894ms] Uncaught TypeError: i.call is not a function
    at x (https://cdn.transifex.com/txc/static/plugins/jquery3/jquery.min.bd302ceab4fe.js:1:999)
    at c (https://cdn.transifex.com/txc/static/plugins/jquery3/jquery.min.bd302ceab4fe.js:1:1147)
    at each (https://cdn.transifex.com/txc/static/plugins/jquery3/jquery.min.bd302ceab4fe.js:1:3089)
    at each (https://cdn.transifex.com/txc/static/plugins/jquery3/jquery.min.bd302ceab4fe.js:1:1593)
    at <anonymous> (https://cdn.transifex.com/txc/static/js/output.6e93fe868d24.js:346:55)
    at dispatch (https://cdn.transifex.com/txc/static/plugins/jquery3/jquery.min.bd302ceab4fe.js:1:40034)
    at v.handle (https://cdn.transifex.com/txc/static/plugins/jquery3/jquery.min.bd302ceab4fe.js:1:38005)
